[ 2025-11-08 21:09:09,066 ] 1025 httpx - INFO - HTTP Request: GET https://dagshub.com/api/v1/user "HTTP/1.1 200 OK"
[ 2025-11-08 21:09:09,073 ] 107 dagshub - INFO - Accessing as Franck-T
[ 2025-11-08 21:09:09,431 ] 1025 httpx - INFO - HTTP Request: GET https://dagshub.com/api/v1/repos/Franck-T/networksecurity "HTTP/1.1 200 OK"
[ 2025-11-08 21:09:09,669 ] 1025 httpx - INFO - HTTP Request: GET https://dagshub.com/api/v1/user "HTTP/1.1 200 OK"
[ 2025-11-08 21:09:09,675 ] 107 dagshub - INFO - Initialized MLflow to track repo "Franck-T/networksecurity"
[ 2025-11-08 21:09:09,675 ] 107 dagshub - INFO - Repository Franck-T/networksecurity initialized!
[ 2025-11-08 21:09:40,654 ] 42 root - INFO - Start data Ingestion
[ 2025-11-08 21:09:42,250 ] 74 root - INFO - Performed train test split on the dataframe
[ 2025-11-08 21:09:42,250 ] 76 root - INFO - Exited split_data_as_train_test method of Data_Ingestion class
[ 2025-11-08 21:09:42,250 ] 84 root - INFO - Exporting train and test file path.
[ 2025-11-08 21:09:42,278 ] 93 root - INFO - Exported train and test file path.
[ 2025-11-08 21:09:42,278 ] 45 root - INFO - Data Ingestion completed and artifact: DataIngestionArtifact(trained_file_path='Artifacts/11_08_2025_21_09_08/data_ingestion/ingested/train.csv', test_file_path='Artifacts/11_08_2025_21_09_08/data_ingestion/ingested/test.csv')
[ 2025-11-08 21:09:42,281 ] 55 root - INFO - Initiate the data Validation
[ 2025-11-08 21:09:42,290 ] 32 root - INFO - Required number of columns:2
[ 2025-11-08 21:09:42,291 ] 33 root - INFO - Data frame has columns:31
[ 2025-11-08 21:09:42,291 ] 32 root - INFO - Required number of columns:2
[ 2025-11-08 21:09:42,291 ] 33 root - INFO - Data frame has columns:31
[ 2025-11-08 21:09:42,356 ] 63 root - INFO - Entered initiate_data_transformation method of DataTransformation class
[ 2025-11-08 21:09:42,356 ] 65 root - INFO - Starting data transformation
[ 2025-11-08 21:09:42,363 ] 48 root - INFO - Entered get_data_transformer_object method of Transformation class
[ 2025-11-08 21:09:42,364 ] 53 root - INFO - Initialise KNNImputer with {'missing_values': nan, 'n_neighbors': 3, 'weights': 'uniform'}
[ 2025-11-08 21:09:42,370 ] 46 root - INFO - Entered the save_object method of MainUtils class
[ 2025-11-08 21:09:42,372 ] 50 root - INFO - Exited the save_object method of MainUtils class
[ 2025-11-08 21:09:42,372 ] 46 root - INFO - Entered the save_object method of MainUtils class
[ 2025-11-08 21:09:42,374 ] 50 root - INFO - Exited the save_object method of MainUtils class
