[ 2025-11-08 23:50:21,488 ] 1025 httpx - INFO - HTTP Request: GET https://dagshub.com/api/v1/user "HTTP/1.1 200 OK"
[ 2025-11-08 23:50:21,491 ] 107 dagshub - INFO - Accessing as Franck-T
[ 2025-11-08 23:50:21,882 ] 1025 httpx - INFO - HTTP Request: GET https://dagshub.com/api/v1/repos/Franck-T/networksecurity "HTTP/1.1 200 OK"
[ 2025-11-08 23:50:22,236 ] 1025 httpx - INFO - HTTP Request: GET https://dagshub.com/api/v1/user "HTTP/1.1 200 OK"
[ 2025-11-08 23:50:22,237 ] 107 dagshub - INFO - Initialized MLflow to track repo "Franck-T/networksecurity"
[ 2025-11-08 23:50:22,237 ] 107 dagshub - INFO - Repository Franck-T/networksecurity initialized!
[ 2025-11-08 23:50:31,722 ] 42 root - INFO - Start data Ingestion
[ 2025-11-08 23:50:33,379 ] 74 root - INFO - Performed train test split on the dataframe
[ 2025-11-08 23:50:33,379 ] 76 root - INFO - Exited split_data_as_train_test method of Data_Ingestion class
[ 2025-11-08 23:50:33,381 ] 84 root - INFO - Exporting train and test file path.
[ 2025-11-08 23:50:33,498 ] 93 root - INFO - Exported train and test file path.
[ 2025-11-08 23:50:33,498 ] 45 root - INFO - Data Ingestion completed and artifact: DataIngestionArtifact(trained_file_path='Artifacts/11_08_2025_23_50_20/data_ingestion/ingested/train.csv', test_file_path='Artifacts/11_08_2025_23_50_20/data_ingestion/ingested/test.csv')
[ 2025-11-08 23:50:33,505 ] 55 root - INFO - Initiate the data Validation
[ 2025-11-08 23:50:33,536 ] 32 root - INFO - Required number of columns:2
[ 2025-11-08 23:50:33,536 ] 33 root - INFO - Data frame has columns:31
[ 2025-11-08 23:50:33,536 ] 32 root - INFO - Required number of columns:2
[ 2025-11-08 23:50:33,536 ] 33 root - INFO - Data frame has columns:31
[ 2025-11-08 23:50:33,697 ] 63 root - INFO - Entered initiate_data_transformation method of DataTransformation class
[ 2025-11-08 23:50:33,697 ] 65 root - INFO - Starting data transformation
[ 2025-11-08 23:50:33,712 ] 48 root - INFO - Entered get_data_transformer_object method of Transformation class
[ 2025-11-08 23:50:33,712 ] 53 root - INFO - Initialise KNNImputer with {'missing_values': nan, 'n_neighbors': 3, 'weights': 'uniform'}
[ 2025-11-08 23:50:33,729 ] 46 root - INFO - Entered the save_object method of MainUtils class
[ 2025-11-08 23:50:33,731 ] 50 root - INFO - Exited the save_object method of MainUtils class
[ 2025-11-08 23:50:33,731 ] 46 root - INFO - Entered the save_object method of MainUtils class
[ 2025-11-08 23:50:33,734 ] 50 root - INFO - Exited the save_object method of MainUtils class
[ 2025-11-08 23:50:52,803 ] 46 root - INFO - Entered the save_object method of MainUtils class
[ 2025-11-08 23:50:52,805 ] 50 root - INFO - Exited the save_object method of MainUtils class
[ 2025-11-08 23:50:52,805 ] 46 root - INFO - Entered the save_object method of MainUtils class
[ 2025-11-08 23:50:52,854 ] 50 root - INFO - Exited the save_object method of MainUtils class
[ 2025-11-08 23:50:52,854 ] 167 root - INFO - Model trainer artifact: ModelTrainerArtifact(trained_model_file_path='Artifacts/11_08_2025_23_50_20/model_trainer/trained_model/model.pkl', train_metric_artifact=ClassificationMetricArtifact(f1_score=0.9910714285714286, precision_score=0.9890643985419199, recall_score=0.9930866205774705), test_metric_artifact=ClassificationMetricArtifact(f1_score=0.9771726071285542, precision_score=0.9697933227344993, recall_score=0.9846650524616626))
