[ 2025-11-08 23:45:43,241 ] 1025 httpx - INFO - HTTP Request: GET https://dagshub.com/api/v1/user "HTTP/1.1 200 OK"
[ 2025-11-08 23:45:43,243 ] 107 dagshub - INFO - Accessing as Franck-T
[ 2025-11-08 23:45:44,513 ] 1025 httpx - INFO - HTTP Request: GET https://dagshub.com/api/v1/repos/Franck-T/networksecurity "HTTP/1.1 200 OK"
[ 2025-11-08 23:45:44,783 ] 1025 httpx - INFO - HTTP Request: GET https://dagshub.com/api/v1/user "HTTP/1.1 200 OK"
[ 2025-11-08 23:45:44,784 ] 107 dagshub - INFO - Initialized MLflow to track repo "Franck-T/networksecurity"
[ 2025-11-08 23:45:44,784 ] 107 dagshub - INFO - Repository Franck-T/networksecurity initialized!
[ 2025-11-08 23:45:46,826 ] 42 root - INFO - Start data Ingestion
[ 2025-11-08 23:45:48,329 ] 74 root - INFO - Performed train test split on the dataframe
[ 2025-11-08 23:45:48,330 ] 76 root - INFO - Exited split_data_as_train_test method of Data_Ingestion class
[ 2025-11-08 23:45:48,330 ] 84 root - INFO - Exporting train and test file path.
[ 2025-11-08 23:45:48,360 ] 93 root - INFO - Exported train and test file path.
[ 2025-11-08 23:45:48,360 ] 45 root - INFO - Data Ingestion completed and artifact: DataIngestionArtifact(trained_file_path='Artifacts/11_08_2025_23_45_42/data_ingestion/ingested/train.csv', test_file_path='Artifacts/11_08_2025_23_45_42/data_ingestion/ingested/test.csv')
[ 2025-11-08 23:45:48,364 ] 55 root - INFO - Initiate the data Validation
[ 2025-11-08 23:45:48,373 ] 32 root - INFO - Required number of columns:2
[ 2025-11-08 23:45:48,373 ] 33 root - INFO - Data frame has columns:31
[ 2025-11-08 23:45:48,373 ] 32 root - INFO - Required number of columns:2
[ 2025-11-08 23:45:48,373 ] 33 root - INFO - Data frame has columns:31
[ 2025-11-08 23:45:48,449 ] 63 root - INFO - Entered initiate_data_transformation method of DataTransformation class
[ 2025-11-08 23:45:48,450 ] 65 root - INFO - Starting data transformation
[ 2025-11-08 23:45:48,458 ] 48 root - INFO - Entered get_data_transformer_object method of Transformation class
[ 2025-11-08 23:45:48,458 ] 53 root - INFO - Initialise KNNImputer with {'missing_values': nan, 'n_neighbors': 3, 'weights': 'uniform'}
[ 2025-11-08 23:45:48,466 ] 46 root - INFO - Entered the save_object method of MainUtils class
[ 2025-11-08 23:45:48,469 ] 50 root - INFO - Exited the save_object method of MainUtils class
[ 2025-11-08 23:45:48,469 ] 46 root - INFO - Entered the save_object method of MainUtils class
[ 2025-11-08 23:45:48,472 ] 50 root - INFO - Exited the save_object method of MainUtils class
[ 2025-11-08 23:45:51,730 ] 46 root - INFO - Entered the save_object method of MainUtils class
[ 2025-11-08 23:45:51,730 ] 50 root - INFO - Exited the save_object method of MainUtils class
[ 2025-11-08 23:45:51,730 ] 46 root - INFO - Entered the save_object method of MainUtils class
[ 2025-11-08 23:45:51,757 ] 50 root - INFO - Exited the save_object method of MainUtils class
[ 2025-11-08 23:45:51,757 ] 167 root - INFO - Model trainer artifact: ModelTrainerArtifact(trained_model_file_path='Artifacts/11_08_2025_23_45_42/model_trainer/trained_model/model.pkl', train_metric_artifact=ClassificationMetricArtifact(f1_score=0.9912566083773892, precision_score=0.988242448814109, recall_score=0.9942892106873343), test_metric_artifact=ClassificationMetricArtifact(f1_score=0.9786392405063291, precision_score=0.9709576138147566, recall_score=0.9864433811802232))
