[ 2025-11-08 23:08:13,646 ] 1025 httpx - INFO - HTTP Request: GET https://dagshub.com/api/v1/user "HTTP/1.1 200 OK"
[ 2025-11-08 23:08:13,652 ] 107 dagshub - INFO - Accessing as Franck-T
[ 2025-11-08 23:08:14,016 ] 1025 httpx - INFO - HTTP Request: GET https://dagshub.com/api/v1/repos/Franck-T/networksecurity "HTTP/1.1 200 OK"
[ 2025-11-08 23:08:14,244 ] 1025 httpx - INFO - HTTP Request: GET https://dagshub.com/api/v1/user "HTTP/1.1 200 OK"
[ 2025-11-08 23:08:14,245 ] 107 dagshub - INFO - Initialized MLflow to track repo "Franck-T/networksecurity"
[ 2025-11-08 23:08:14,246 ] 107 dagshub - INFO - Repository Franck-T/networksecurity initialized!
[ 2025-11-08 23:09:04,629 ] 42 root - INFO - Start data Ingestion
[ 2025-11-08 23:09:06,442 ] 74 root - INFO - Performed train test split on the dataframe
[ 2025-11-08 23:09:06,442 ] 76 root - INFO - Exited split_data_as_train_test method of Data_Ingestion class
[ 2025-11-08 23:09:06,443 ] 84 root - INFO - Exporting train and test file path.
[ 2025-11-08 23:09:06,469 ] 93 root - INFO - Exported train and test file path.
[ 2025-11-08 23:09:06,469 ] 45 root - INFO - Data Ingestion completed and artifact: DataIngestionArtifact(trained_file_path='Artifacts/11_08_2025_23_08_12/data_ingestion/ingested/train.csv', test_file_path='Artifacts/11_08_2025_23_08_12/data_ingestion/ingested/test.csv')
[ 2025-11-08 23:09:06,472 ] 55 root - INFO - Initiate the data Validation
[ 2025-11-08 23:09:06,485 ] 32 root - INFO - Required number of columns:2
[ 2025-11-08 23:09:06,485 ] 33 root - INFO - Data frame has columns:31
[ 2025-11-08 23:09:06,485 ] 32 root - INFO - Required number of columns:2
[ 2025-11-08 23:09:06,485 ] 33 root - INFO - Data frame has columns:31
[ 2025-11-08 23:09:06,545 ] 63 root - INFO - Entered initiate_data_transformation method of DataTransformation class
[ 2025-11-08 23:09:06,545 ] 65 root - INFO - Starting data transformation
[ 2025-11-08 23:09:06,553 ] 48 root - INFO - Entered get_data_transformer_object method of Transformation class
[ 2025-11-08 23:09:06,553 ] 53 root - INFO - Initialise KNNImputer with {'missing_values': nan, 'n_neighbors': 3, 'weights': 'uniform'}
[ 2025-11-08 23:09:06,559 ] 46 root - INFO - Entered the save_object method of MainUtils class
[ 2025-11-08 23:09:06,561 ] 50 root - INFO - Exited the save_object method of MainUtils class
[ 2025-11-08 23:09:06,561 ] 46 root - INFO - Entered the save_object method of MainUtils class
[ 2025-11-08 23:09:06,562 ] 50 root - INFO - Exited the save_object method of MainUtils class
