[ 2025-11-08 23:10:09,046 ] 1025 httpx - INFO - HTTP Request: GET https://dagshub.com/api/v1/user "HTTP/1.1 200 OK"
[ 2025-11-08 23:10:09,049 ] 107 dagshub - INFO - Accessing as Franck-T
[ 2025-11-08 23:10:09,599 ] 1025 httpx - INFO - HTTP Request: GET https://dagshub.com/api/v1/repos/Franck-T/networksecurity "HTTP/1.1 200 OK"
[ 2025-11-08 23:10:09,905 ] 1025 httpx - INFO - HTTP Request: GET https://dagshub.com/api/v1/user "HTTP/1.1 200 OK"
[ 2025-11-08 23:10:09,907 ] 107 dagshub - INFO - Initialized MLflow to track repo "Franck-T/networksecurity"
[ 2025-11-08 23:10:09,907 ] 107 dagshub - INFO - Repository Franck-T/networksecurity initialized!
[ 2025-11-08 23:10:10,043 ] 42 root - INFO - Start data Ingestion
[ 2025-11-08 23:10:11,422 ] 74 root - INFO - Performed train test split on the dataframe
[ 2025-11-08 23:10:11,422 ] 76 root - INFO - Exited split_data_as_train_test method of Data_Ingestion class
[ 2025-11-08 23:10:11,422 ] 84 root - INFO - Exporting train and test file path.
[ 2025-11-08 23:10:11,449 ] 93 root - INFO - Exported train and test file path.
[ 2025-11-08 23:10:11,449 ] 45 root - INFO - Data Ingestion completed and artifact: DataIngestionArtifact(trained_file_path='Artifacts/11_08_2025_23_10_08/data_ingestion/ingested/train.csv', test_file_path='Artifacts/11_08_2025_23_10_08/data_ingestion/ingested/test.csv')
[ 2025-11-08 23:10:11,452 ] 55 root - INFO - Initiate the data Validation
[ 2025-11-08 23:10:11,459 ] 32 root - INFO - Required number of columns:2
[ 2025-11-08 23:10:11,459 ] 33 root - INFO - Data frame has columns:31
[ 2025-11-08 23:10:11,459 ] 32 root - INFO - Required number of columns:2
[ 2025-11-08 23:10:11,459 ] 33 root - INFO - Data frame has columns:31
[ 2025-11-08 23:10:11,521 ] 63 root - INFO - Entered initiate_data_transformation method of DataTransformation class
[ 2025-11-08 23:10:11,521 ] 65 root - INFO - Starting data transformation
[ 2025-11-08 23:10:11,528 ] 48 root - INFO - Entered get_data_transformer_object method of Transformation class
[ 2025-11-08 23:10:11,528 ] 53 root - INFO - Initialise KNNImputer with {'missing_values': nan, 'n_neighbors': 3, 'weights': 'uniform'}
[ 2025-11-08 23:10:11,534 ] 46 root - INFO - Entered the save_object method of MainUtils class
[ 2025-11-08 23:10:11,537 ] 50 root - INFO - Exited the save_object method of MainUtils class
[ 2025-11-08 23:10:11,537 ] 46 root - INFO - Entered the save_object method of MainUtils class
[ 2025-11-08 23:10:11,540 ] 50 root - INFO - Exited the save_object method of MainUtils class
[ 2025-11-08 23:10:15,857 ] 46 root - INFO - Entered the save_object method of MainUtils class
[ 2025-11-08 23:10:15,858 ] 50 root - INFO - Exited the save_object method of MainUtils class
[ 2025-11-08 23:10:15,858 ] 46 root - INFO - Entered the save_object method of MainUtils class
[ 2025-11-08 23:10:15,983 ] 50 root - INFO - Exited the save_object method of MainUtils class
[ 2025-11-08 23:10:15,983 ] 167 root - INFO - Model trainer artifact: ModelTrainerArtifact(trained_model_file_path='Artifacts/11_08_2025_23_10_08/model_trainer/trained_model/model.pkl', train_metric_artifact=ClassificationMetricArtifact(f1_score=0.9914478317738203, precision_score=0.9887617900862934, recall_score=0.9941485068603713), test_metric_artifact=ClassificationMetricArtifact(f1_score=0.971900826446281, precision_score=0.9647251845775225, recall_score=0.9791840133222315))
